2025-04-04 05:39:39.666983 - Received CBT.V508.FILE183.PDS from FILE183.XMI 
2025-04-04 05:39:39.671257 - Found $$$$NOTE.txt (text/plain) in CBT.V508.FILE183.PDS, moved to PDS/$$$$NOTE
2025-04-04 05:39:39.671417 - Found $$$#DATE.txt (text/plain) in CBT.V508.FILE183.PDS, moved to PDS/$$$#DATE
2025-04-04 05:39:39.671566 - Found $$$COGSF.txt (text/plain) in CBT.V508.FILE183.PDS, moved to PDS/$$$COGSF
2025-04-04 05:39:39.671704 - Found $$INDEX.txt (text/plain) in CBT.V508.FILE183.PDS, moved to PDS/$$INDEX
2025-04-04 05:39:39.671821 - Found $$NOTE01.eml (message/rfc822) in CBT.V508.FILE183.PDS, moved to PDS/$$NOTE01
2025-04-04 05:39:39.671945 - Found $$NOTE02.txt (text/plain) in CBT.V508.FILE183.PDS, moved to PDS/$$NOTE02
2025-04-04 05:39:39.672097 - Found $CHANGES.txt (text/plain) in CBT.V508.FILE183.PDS, moved to PDS/$CHANGES
2025-04-04 05:39:39.672270 - Found $LOAD183.bin (application/octet-stream) in CBT.V508.FILE183.PDS, moved to PDS/$LOAD183
2025-04-04 05:39:39.672398 - Found @FILE183.txt (text/plain) in CBT.V508.FILE183.PDS, moved to PDS/@FILE183
2025-04-04 05:39:39.672513 - Found ADDTRK.rexx (text/plain) in CBT.V508.FILE183.PDS, moved to PDS/ADDTRK
2025-04-04 05:39:39.672668 - Found BLKSIZE2.jcl (text/plain) in CBT.V508.FILE183.PDS, moved to PDS/BLKSIZE2
2025-04-04 05:39:39.672829 - Found BR.jcl (text/plain) in CBT.V508.FILE183.PDS, moved to PDS/BR
2025-04-04 05:39:39.673038 - Found BUILDCDE.jcl (text/plain) in CBT.V508.FILE183.PDS, moved to PDS/BUILDCDE
2025-04-04 05:39:39.673182 - Found BYPASSNQ.jcl (text/plain) in CBT.V508.FILE183.PDS, moved to PDS/BYPASSNQ
2025-04-04 05:39:39.673356 - Found CANMSGCL.jcl (text/plain) in CBT.V508.FILE183.PDS, moved to PDS/CANMSGCL
2025-04-04 05:39:39.673486 - Found CLEANUP.jcl (text/plain) in CBT.V508.FILE183.PDS, moved to PDS/CLEANUP
2025-04-04 05:39:39.673606 - Found CLS.jcl (text/plain) in CBT.V508.FILE183.PDS, moved to PDS/CLS
2025-04-04 05:39:39.673724 - Found CMDJ.jcl (text/plain) in CBT.V508.FILE183.PDS, moved to PDS/CMDJ
2025-04-04 05:39:39.673843 - Found COB2JOB.jcl (text/plain) in CBT.V508.FILE183.PDS, moved to PDS/COB2JOB
2025-04-04 05:39:39.673987 - Found COB2SYS.jcl (text/plain) in CBT.V508.FILE183.PDS, moved to PDS/COB2SYS
2025-04-04 05:39:39.674105 - Found COB2TSO.jcl (text/plain) in CBT.V508.FILE183.PDS, moved to PDS/COB2TSO
2025-04-04 05:39:39.674242 - Found COMPRCMD.jcl (text/plain) in CBT.V508.FILE183.PDS, moved to PDS/COMPRCMD
2025-04-04 05:39:39.674359 - Found COMPRESS.rexx (text/plain) in CBT.V508.FILE183.PDS, moved to PDS/COMPRESS
2025-04-04 05:39:39.674515 - Found CONCAT.rexx (text/plain) in CBT.V508.FILE183.PDS, moved to PDS/CONCAT
2025-04-04 05:39:39.674656 - Found CUT.rexx (text/plain) in CBT.V508.FILE183.PDS, moved to PDS/CUT
2025-04-04 05:39:39.674767 - Found CUTHLP1.txt (text/plain) in CBT.V508.FILE183.PDS, moved to PDS/CUTHLP1
2025-04-04 05:39:39.674875 - Found CUTHLP2.txt (text/plain) in CBT.V508.FILE183.PDS, moved to PDS/CUTHLP2
2025-04-04 05:39:39.674984 - Found CUTPGM.jcl (text/plain) in CBT.V508.FILE183.PDS, moved to PDS/CUTPGM
2025-04-04 05:39:39.675107 - Found DAHANDBK.jcl (text/plain) in CBT.V508.FILE183.PDS, moved to PDS/DAHANDBK
2025-04-04 05:39:39.675234 - Found DAHANDJ.jcl (text/plain) in CBT.V508.FILE183.PDS, moved to PDS/DAHANDJ
2025-04-04 05:39:39.675344 - Found DCODADDR.jcl (text/plain) in CBT.V508.FILE183.PDS, moved to PDS/DCODADDR
2025-04-04 05:39:39.675454 - Found DEFGDGSR.jcl (text/plain) in CBT.V508.FILE183.PDS, moved to PDS/DEFGDGSR
2025-04-04 05:39:39.675568 - Found DONTFAIL.jcl (text/plain) in CBT.V508.FILE183.PDS, moved to PDS/DONTFAIL
2025-04-04 05:39:39.675694 - Found DSLIST.rexx (text/plain) in CBT.V508.FILE183.PDS, moved to PDS/DSLIST
2025-04-04 05:39:39.675819 - Found DSNLIST.jcl (text/plain) in CBT.V508.FILE183.PDS, moved to PDS/DSNLIST
2025-04-04 05:39:39.675992 - Found EASYSORT.jcl (text/plain) in CBT.V508.FILE183.PDS, moved to PDS/EASYSORT
2025-04-04 05:39:39.676099 - Found EXECPGM.jcl (text/plain) in CBT.V508.FILE183.PDS, moved to PDS/EXECPGM
2025-04-04 05:39:39.676231 - Found EXECUTE.rexx (text/plain) in CBT.V508.FILE183.PDS, moved to PDS/EXECUTE
2025-04-04 05:39:39.676346 - Found FASTNOTE.txt (text/plain) in CBT.V508.FILE183.PDS, moved to PDS/FASTNOTE
2025-04-04 05:39:39.676506 - Found FASTPATH.jcl (text/plain) in CBT.V508.FILE183.PDS, moved to PDS/FASTPATH
2025-04-04 05:39:39.676627 - Found FASTPDOC.txt (text/plain) in CBT.V508.FILE183.PDS, moved to PDS/FASTPDOC
2025-04-04 05:39:39.676753 - Found FASTPMOD.txt (text/plain) in CBT.V508.FILE183.PDS, moved to PDS/FASTPMOD
2025-04-04 05:39:39.676908 - Found FASTP149.jcl (text/plain) in CBT.V508.FILE183.PDS, moved to PDS/FASTP149
2025-04-04 05:39:39.677016 - Found FILE183.txt (text/plain) in CBT.V508.FILE183.PDS, moved to PDS/FILE183
2025-04-04 05:39:39.677177 - Found FILLDASD.jcl (text/plain) in CBT.V508.FILE183.PDS, moved to PDS/FILLDASD
2025-04-04 05:39:39.677301 - Found FREEDIR.rexx (text/plain) in CBT.V508.FILE183.PDS, moved to PDS/FREEDIR
2025-04-04 05:39:39.677412 - Found FSHELP.rexx (text/plain) in CBT.V508.FILE183.PDS, moved to PDS/FSHELP
2025-04-04 05:39:39.677530 - Found FTP.rexx (text/plain) in CBT.V508.FILE183.PDS, moved to PDS/FTP
2025-04-04 05:39:39.677654 - Found FULLDSN.jcl (text/plain) in CBT.V508.FILE183.PDS, moved to PDS/FULLDSN
2025-04-04 05:39:39.677772 - Found GETDIR.jcl (text/plain) in CBT.V508.FILE183.PDS, moved to PDS/GETDIR
2025-04-04 05:39:39.677901 - Found GETPUT31.jcl (text/plain) in CBT.V508.FILE183.PDS, moved to PDS/GETPUT31
2025-04-04 05:39:39.678027 - Found GSFLKED.jcl (text/plain) in CBT.V508.FILE183.PDS, moved to PDS/GSFLKED
2025-04-04 05:39:39.678217 - Found HANDBOOK.jcl (text/plain) in CBT.V508.FILE183.PDS, moved to PDS/HANDBOOK
2025-04-04 05:39:39.678400 - Found IEC149I.jcl (text/plain) in CBT.V508.FILE183.PDS, moved to PDS/IEC149I
2025-04-04 05:39:39.678570 - Found IGX0AGSF.jcl (text/plain) in CBT.V508.FILE183.PDS, moved to PDS/IGX0AGSF
2025-04-04 05:39:39.678756 - Found IGX00GSF.jcl (text/plain) in CBT.V508.FILE183.PDS, moved to PDS/IGX00GSF
2025-04-04 05:39:39.678929 - Found IGX00SBG.jcl (text/plain) in CBT.V508.FILE183.PDS, moved to PDS/IGX00SBG
2025-04-04 05:39:39.679050 - Found IKJEFLN#.txt (text/plain) in CBT.V508.FILE183.PDS, moved to PDS/IKJEFLN#
2025-04-04 05:39:39.679174 - Found IKJEFLN2.jcl (text/plain) in CBT.V508.FILE183.PDS, moved to PDS/IKJEFLN2
2025-04-04 05:39:39.679291 - Found INITKSDS.jcl (text/plain) in CBT.V508.FILE183.PDS, moved to PDS/INITKSDS
2025-04-04 05:39:39.679409 - Found IPADDR.rexx (text/plain) in CBT.V508.FILE183.PDS, moved to PDS/IPADDR
2025-04-04 05:39:39.679564 - Found IRXEHCIR.jcl (text/plain) in CBT.V508.FILE183.PDS, moved to PDS/IRXEHCIR
2025-04-04 05:39:39.679676 - Found ISGECMON.jcl (text/plain) in CBT.V508.FILE183.PDS, moved to PDS/ISGECMON
2025-04-04 05:39:39.679792 - Found ISPCMDL.rexx (text/plain) in CBT.V508.FILE183.PDS, moved to PDS/ISPCMDL
2025-04-04 05:39:39.680027 - Found ISPCMDSJ.jcl (text/plain) in CBT.V508.FILE183.PDS, moved to PDS/ISPCMDSJ
2025-04-04 05:39:39.680168 - Found ISPCMDU.rexx (text/plain) in CBT.V508.FILE183.PDS, moved to PDS/ISPCMDU
2025-04-04 05:39:39.680295 - Found ISPCOMND.txt (text/plain) in CBT.V508.FILE183.PDS, moved to PDS/ISPCOMND
2025-04-04 05:39:39.680436 - Found ISPTASK.jcl (text/plain) in CBT.V508.FILE183.PDS, moved to PDS/ISPTASK
2025-04-04 05:39:39.680552 - Found ISREDIT2.jcl (text/plain) in CBT.V508.FILE183.PDS, moved to PDS/ISREDIT2
2025-04-04 05:39:39.680668 - Found JOBRLSE.jcl (text/plain) in CBT.V508.FILE183.PDS, moved to PDS/JOBRLSE
2025-04-04 05:39:39.680793 - Found LC.rexx (text/plain) in CBT.V508.FILE183.PDS, moved to PDS/LC
2025-04-04 05:39:39.680920 - Found LCAT.jcl (text/plain) in CBT.V508.FILE183.PDS, moved to PDS/LCAT
2025-04-04 05:39:39.681045 - Found LCAT92.jcl (text/plain) in CBT.V508.FILE183.PDS, moved to PDS/LCAT92
2025-04-04 05:39:39.681165 - Found LINKLLA.jcl (text/plain) in CBT.V508.FILE183.PDS, moved to PDS/LINKLLA
2025-04-04 05:39:39.681323 - Found LISTDSI.rexx (text/plain) in CBT.V508.FILE183.PDS, moved to PDS/LISTDSI
2025-04-04 05:39:39.681446 - Found LLIBDEF1.jcl (text/plain) in CBT.V508.FILE183.PDS, moved to PDS/LLIBDEF1
2025-04-04 05:39:39.681563 - Found LOADMLPA.jcl (text/plain) in CBT.V508.FILE183.PDS, moved to PDS/LOADMLPA
2025-04-04 05:39:39.681678 - Found LOCKTERM.jcl (text/plain) in CBT.V508.FILE183.PDS, moved to PDS/LOCKTERM
2025-04-04 05:39:39.681807 - Found LPA24.rexx (text/plain) in CBT.V508.FILE183.PDS, moved to PDS/LPA24
2025-04-04 05:39:39.681917 - Found LPR.rexx (text/plain) in CBT.V508.FILE183.PDS, moved to PDS/LPR
2025-04-04 05:39:39.682025 - Found LVL.rexx (text/plain) in CBT.V508.FILE183.PDS, moved to PDS/LVL
2025-04-04 05:39:39.682138 - Found NEWAPPL.rexx (text/plain) in CBT.V508.FILE183.PDS, moved to PDS/NEWAPPL
2025-04-04 05:39:39.682253 - Found NOTCTLG3.jcl (text/plain) in CBT.V508.FILE183.PDS, moved to PDS/NOTCTLG3
2025-04-04 05:39:39.682367 - Found OBEYFILE.rexx (text/plain) in CBT.V508.FILE183.PDS, moved to PDS/OBEYFILE
2025-04-04 05:39:39.682535 - Found PACKOFF.jcl (text/plain) in CBT.V508.FILE183.PDS, moved to PDS/PACKOFF
2025-04-04 05:39:39.682657 - Found PASTE.rexx (text/plain) in CBT.V508.FILE183.PDS, moved to PDS/PASTE
2025-04-04 05:39:39.682771 - Found PLI2JOB.jcl (text/plain) in CBT.V508.FILE183.PDS, moved to PDS/PLI2JOB
2025-04-04 05:39:39.682887 - Found PLI2TSO.jcl (text/plain) in CBT.V508.FILE183.PDS, moved to PDS/PLI2TSO
2025-04-04 05:39:39.682996 - Found RECALL.jcl (text/plain) in CBT.V508.FILE183.PDS, moved to PDS/RECALL
2025-04-04 05:39:39.683104 - Found RESET5.jcl (text/plain) in CBT.V508.FILE183.PDS, moved to PDS/RESET5
2025-04-04 05:39:39.683214 - Found REXXTRY.jcl (text/plain) in CBT.V508.FILE183.PDS, moved to PDS/REXXTRY
2025-04-04 05:39:39.683327 - Found ROUTE.rexx (text/plain) in CBT.V508.FILE183.PDS, moved to PDS/ROUTE
2025-04-04 05:39:39.683444 - Found ROUTEHLP.txt (text/plain) in CBT.V508.FILE183.PDS, moved to PDS/ROUTEHLP
2025-04-04 05:39:39.683567 - Found ROUTEPGM.jcl (text/plain) in CBT.V508.FILE183.PDS, moved to PDS/ROUTEPGM
2025-04-04 05:39:39.683680 - Found RXSMS.jcl (text/plain) in CBT.V508.FILE183.PDS, moved to PDS/RXSMS
2025-04-04 05:39:39.683836 - Found SCANMODL.jcl (text/plain) in CBT.V508.FILE183.PDS, moved to PDS/SCANMODL
2025-04-04 05:39:39.683946 - Found SFE.rexx (text/plain) in CBT.V508.FILE183.PDS, moved to PDS/SFE
2025-04-04 05:39:39.684059 - Found SHOWDASD.rexx (text/plain) in CBT.V508.FILE183.PDS, moved to PDS/SHOWDASD
2025-04-04 05:39:39.684171 - Found SHOWDAS1.rexx (text/plain) in CBT.V508.FILE183.PDS, moved to PDS/SHOWDAS1
2025-04-04 05:39:39.684280 - Found SHOWDPNL.txt (text/plain) in CBT.V508.FILE183.PDS, moved to PDS/SHOWDPNL
2025-04-04 05:39:39.684390 - Found SHOWJPAQ.jcl (text/plain) in CBT.V508.FILE183.PDS, moved to PDS/SHOWJPAQ
2025-04-04 05:39:39.684498 - Found SHOWMACS.txt (text/plain) in CBT.V508.FILE183.PDS, moved to PDS/SHOWMACS
2025-04-04 05:39:39.684605 - Found SHOWMVS.txt (text/plain) in CBT.V508.FILE183.PDS, moved to PDS/SHOWMVS
2025-04-04 05:39:39.684731 - Found SHOWTIOT.rexx (text/plain) in CBT.V508.FILE183.PDS, moved to PDS/SHOWTIOT
2025-04-04 05:39:39.684847 - Found SHOWVTOC.txt (text/plain) in CBT.V508.FILE183.PDS, moved to PDS/SHOWVTOC
2025-04-04 05:39:39.684979 - Found STEMEDI#.txt (text/plain) in CBT.V508.FILE183.PDS, moved to PDS/STEMEDI#
2025-04-04 05:39:39.685092 - Found STEMEDI@.txt (text/plain) in CBT.V508.FILE183.PDS, moved to PDS/STEMEDI@
2025-04-04 05:39:39.685206 - Found STEMEDID.txt (text/plain) in CBT.V508.FILE183.PDS, moved to PDS/STEMEDID
2025-04-04 05:39:39.685338 - Found STEMEDIH.txt (text/plain) in CBT.V508.FILE183.PDS, moved to PDS/STEMEDIH
2025-04-04 05:39:39.685452 - Found STEMEDIT.jcl (text/plain) in CBT.V508.FILE183.PDS, moved to PDS/STEMEDIT
2025-04-04 05:39:39.685568 - Found STEMVIEW.jcl (text/plain) in CBT.V508.FILE183.PDS, moved to PDS/STEMVIEW
2025-04-04 05:39:39.685692 - Found STRING.txt (text/plain) in CBT.V508.FILE183.PDS, moved to PDS/STRING
2025-04-04 05:39:39.685817 - Found SVCUPDTE.jcl (text/plain) in CBT.V508.FILE183.PDS, moved to PDS/SVCUPDTE
2025-04-04 05:39:39.685931 - Found SWAREQ.rexx (text/plain) in CBT.V508.FILE183.PDS, moved to PDS/SWAREQ
2025-04-04 05:39:39.686045 - Found SWAREQ2#.txt (text/plain) in CBT.V508.FILE183.PDS, moved to PDS/SWAREQ2#
2025-04-04 05:39:39.686159 - Found SWAREQ22.rexx (text/plain) in CBT.V508.FILE183.PDS, moved to PDS/SWAREQ22
2025-04-04 05:39:39.686336 - Found SYSDEBUG.jcl (text/plain) in CBT.V508.FILE183.PDS, moved to PDS/SYSDEBUG
2025-04-04 05:39:39.686449 - Found SYSMOVE.jcl (text/plain) in CBT.V508.FILE183.PDS, moved to PDS/SYSMOVE
2025-04-04 05:39:39.686561 - Found TALLY.rexx (text/plain) in CBT.V508.FILE183.PDS, moved to PDS/TALLY
2025-04-04 05:39:39.686682 - Found TCTDCTR.jcl (text/plain) in CBT.V508.FILE183.PDS, moved to PDS/TCTDCTR
2025-04-04 05:39:39.686792 - Found TLMS.jcl (text/plain) in CBT.V508.FILE183.PDS, moved to PDS/TLMS
2025-04-04 05:39:39.686899 - Found TMS.jcl (text/plain) in CBT.V508.FILE183.PDS, moved to PDS/TMS
2025-04-04 05:39:39.687027 - Found TRIMMAC.jcl (text/plain) in CBT.V508.FILE183.PDS, moved to PDS/TRIMMAC
2025-04-04 05:39:39.687140 - Found UNITAFF.jcl (text/plain) in CBT.V508.FILE183.PDS, moved to PDS/UNITAFF
2025-04-04 05:39:39.687258 - Found USERCMDS.jcl (text/plain) in CBT.V508.FILE183.PDS, moved to PDS/USERCMDS
2025-04-04 05:39:39.687369 - Found VALLOC.rexx (text/plain) in CBT.V508.FILE183.PDS, moved to PDS/VALLOC
2025-04-04 05:39:39.687480 - Found VARS.rexx (text/plain) in CBT.V508.FILE183.PDS, moved to PDS/VARS
2025-04-04 05:39:39.687609 - Found VDL.rexx (text/plain) in CBT.V508.FILE183.PDS, moved to PDS/VDL
2025-04-04 05:39:39.687766 - Found VML.rexx (text/plain) in CBT.V508.FILE183.PDS, moved to PDS/VML
2025-04-04 05:39:39.687880 - Found VSAMVIEW.jcl (text/plain) in CBT.V508.FILE183.PDS, moved to PDS/VSAMVIEW
2025-04-04 05:39:39.688000 - Found VSAMVW95.jcl (text/plain) in CBT.V508.FILE183.PDS, moved to PDS/VSAMVW95
2025-04-04 05:39:39.688167 - Found VSAVE.rexx (text/plain) in CBT.V508.FILE183.PDS, moved to PDS/VSAVE
2025-04-04 05:39:39.688277 - Found WHEREIS.rexx (text/plain) in CBT.V508.FILE183.PDS, moved to PDS/WHEREIS
2025-04-04 05:39:39.688387 - Found WHOAMI.rexx (text/plain) in CBT.V508.FILE183.PDS, moved to PDS/WHOAMI
2025-04-04 05:39:39.688512 - Found WP.rexx (text/plain) in CBT.V508.FILE183.PDS, moved to PDS/WP
2025-04-04 05:39:39.688621 - Found XDEL.rexx (text/plain) in CBT.V508.FILE183.PDS, moved to PDS/XDEL
2025-04-04 05:39:39.688740 - Found XDELETE.rexx (text/plain) in CBT.V508.FILE183.PDS, moved to PDS/XDELETE
2025-04-04 05:39:39.688849 - Found XREN.rexx (text/plain) in CBT.V508.FILE183.PDS, moved to PDS/XREN
2025-04-04 05:39:39.688972 - Found XRENAME.rexx (text/plain) in CBT.V508.FILE183.PDS, moved to PDS/XRENAME
2025-04-04 05:39:39.689102 - Found ZAPONTR0.jcl (text/plain) in CBT.V508.FILE183.PDS, moved to PDS/ZAPONTR0
2025-04-04 05:39:39.689213 - Found ZAPXMIT.jcl (text/plain) in CBT.V508.FILE183.PDS, moved to PDS/ZAPXMIT
